WydNLvV1EfAfcV9Vpp5x+KLnnRC7pUhMtj9KDiNveeyE29NIa7HU2vJj9dImtVV2pEhuQvDCE+XLlvF5d8BDI+LQDF6LOceubsxUdCjny5p8FXo2Uz18TpyXmc7MWMvplGAzpJ41M2BLeSkgKol/kZOb94yCa3vb3Hr45EiatUbLjGiurmwKfGP0D0lb2Yens/M=
ENKrJYsGuD2xorDck9GONy4kSKPZCzleeHQrYRzH0C85HhqaAHix1QxLLNrFx5CAYpPx8NA9e/URV9ns0KxT/4PkPmL4lsBxfwD8i8akq9vY5OzZ1QwErh/T9B4vloYzN2pbF0UCAl+LS9PFi946zZ8xbPR0ZsAsIbxrMjTc9irOtrPaIyszz7O9s+0=
JTce3XNF19YGUjoPqL9Hcg8+z0f//CWX4mIoX4JsDVbNX+4W0Kz0IE5PxFWVpdjwnKUvBwRl4zlQi6/hLxDhhra25FV4fq8G2Cyh+cTvrGY49uLMiheRrMgpK5mZs5mQ6FjjcysgHn6gQlDdNyT8t74QWxew4AwFTZjUQhe3NOKX4rY/Hy77i51WEnND71N5c+pKgXe1DKhscpBAqVgrTgwoRqZmcpPGe/+jY/uZs9E=
28/rfBgcE7SDyG260BT4DxlDAzpYTePEGIz0wEs6O+2YciSMc35IFQWUBFlRem43iF8I6dXyt6cKheMGU+L1vBwhTzxCFE9PPk5TZFhff2gzsWwkx+1tUuYRTUMGPwEeUrVkMyx5Ff4IKWYElR71TJGvI5vL1gdCn4jxy6t5CA/irbKz5A==
FnP8HRoymBzEfY2tL7FfyjRIvnNzzpY0jsj1tsvlvWRFYP/4FIkMAZ8Cd73kGrAM55+1xcmsUDklYmIHlLf8KWFaK9eGHVemhxo5bCAJWzxWPHOf8raHxOzH8xivGdjkMwVxYuoJOSNSB83Orl3ws7gRaa5EEbLkYQb5fI3HV9t/fpuyExBFa/8BRF/ehaaz8A==
RkWWDEuw05Q28IU7P3P5LTRIvnNzzpY0jsj1tsvlvWRFcff2EoYNU58Cd73kGrAM5561xcmsUDklYmIHlLf8KWFaK9eGHVemhxo5bCAJWzxWPHOf8raHxOzH8xivGdjkMwVxYuoJOSNSB83Orl3ws7gRaa5EEbLkYQb5fI3HV9t/fpuyExBFa/8BRF/ehaaz8A==
w+xIBzRCtrpFrejU3wewSita/K3b0lG+SXyymLww1JClmqGBomEnEvCdHNeaTAxCd9W2wUvdtVEpYisykPARnVxjLPKXijEI8jux2MA1W71B/1lEgORz95PMfspoHmA5Lyj8o5bsC1NITKzxxQQk5k97dLZ/3qY7J0Ibv9WKohfbY9Pt25aaRQ+ZLNxkbuBkcRTrmmSU1iLenvNys6OTh+OVs8U=
hdlCaYAoom4Qc61AfZf+x4QXr6dcEbwPQGgoEmY76qbyCiX1US7LJpiMIVmEz6xGflZhbMo3kYyIias52ZOZsKj4Y9NrAB5e4OLQfXcE/Jf+sNu38MAMJQ04VOJXlzTC10I2n18O+6vd9pLTA89TWTNKyiE3lQyILNIQ4Ol4K25MiMYGJlKT5jtfI8O7ubPx
kQMOZsXTFpFCW0K8tyxrgyM2IqQmSCwhPUCvVE1wTnT1hVtDVVEvtIGQZENt3OGTRzIf3dwKuAzvi40lIZwIeZ2yiqcMx3Sp6eqzty7Nr2bfahFM2BlTPF4si7/axt8EFBdbeDepUGS7denCAtmBYwo3JS6WTfizsAFRziwhaiTZVpHcFTffW/fOA1K7QD0rJ/Fsf6aVrrP4
6qlz7oINxd8fKK//Y13GbZdeJ+uIxJj2/dyBy6DUmxnsyR77h6NBPinFuiZuzDkm672XEI7J+948f8oLIsn/5rWvGKHJVhmmpxS+tcW8yIDt52wKGTRye21gMaVGBO25Lxq0tefTjLuTtvDhLnNmLTfWGi1sFL86pwTT+4k7YUKFyg0sW5vhPVonwLm4s+4=
rngUsRKZ8Tw1M9yWDKrsT+L0lwqiqkkfrDZLDjd6c9aEhZwnDd+9wPt07NoZg3gR7AQ/EKmmBvnB/tw/c8MFLfnSDF6LOceubsxUdCjny5p8FXo2Uz18TpyXmc7MWMvplGAzpJ41M2BLeSkgKol/kZOb94yCa3vb3Hr45EiatUbLjGiurmwKfGP0D0lb2Yens/M=
OSXpC5gcFMuXDpgPp7utuPqWmuTT9nc4SayIWMa06n7o5AFhlMesXk9/ARSaf1FUeGELgUkbGSgYUIMru8heBpCK8EVnDPyPzpi7z6CIzP390PRaxx+0Wmfq1mePxrvzrZ6y6xPHU0EDYqpZZ93MUNw6sFh58Kv2/CAm/vaa075LNwP7q7Gz6Q==
DG2wf96MBD8xTi2dyshGjIQNo6peUPVHX39xHypktfTwE2T1US7LJpiMIVmEz6xGeVdhbMo3kYyIias52ZOZsKj4Y9NrAB5e4OLQfXcE/Jf+sNu38MAMJQ04VOJXlzTC10I2n18O+6vd9pLTA89TWTNKyiE3lQyILNIQ4Ol4K25MiMYGJlKT5jtfI8O7ubPx
l5/CMEgqyixiMbyKTFl6xLium5uDkYGUxoRuQr+RkLg4k8NtBDar57nKajap7LRf9XyMdn8vtj0JfgSM9+95ZTb+dGYpI2n9VujKaV2Fj313hWa0NGZGv28iZ31UemAMt3kEhNmMILn1AlLHBBcMKVG6u5d2PQcmN3oprFCpizyGnANf4tY3RLznA1g/+ejkw6Xhotpp6aMiJ92OHr2gs2hx2W5UMUJkMebJPB1nJ9tPHgtyYzCV60/hVB8uJfazoA==
Yw9PSc+DcoFhgxNipq58Ko6Kt8AaZIyyOGEmb38Pxlr8CmQBGR0kYCGI87vPHZLkAI4KH+NKs01AgjyMaw8QtI1krBk5amYXcI+waa2ij0cClctGO1J9XMQRVzxaJJevtv47JHBPd4gL4RSkfz2Vcu4BJQOuz4m+CsV8MzSJzV6AWc7EfQ79bOn/mxszBj8il5jZC0PJgG+6naqz/A==
5WsF1e2j4D1qrOrdZZG15dAgLNba4psgNgy4QgwZGm9Dd/KqyGJI4TV1cLD10K97E0XGNNQmZr8P4sf9tDpADJe3ZAR5zMC51cIyR6RX7ClxetsX1n3nJhe6SSzw6Ws8Ztyj34IWF0Rcp6PYXznI5CPlQSK6qcmjwmd9Dn59gLNIMTnu9PEiZBGmKby9p0fbb17r8sPw9etvobSfjuWWs8A=
ApcY1XjiS1h4/ITN149F0dhPvb9ERXgCqL2CNcaLm5vvwPF3JkfowXmu6+0kYkI+y+Dzs4grnB8X5EyqWVOYIew00cHo1qZpQW68j7MTJV35IiwOy4knPu5c9ITot6uqfCUaZpPN3N4cB3l+jAjrGZQQE3RehVPwy+mJUGpZn6GTqxdcwhvbS1zqmFSISpU2y3xI/u7c6uzjZK+5m4nnl7PD
weJo0TCQvHo/UXiqCxlwjbBpPwxM8TD2iTAkGLJKBh0Yb0Fz+KLCdlrxJ2GamJ/0TVtxYSwcvvK07102DbX+/oJMVXMuTLMYkukHFljvTvOOiZPesb886XW2hS7DpHpt6bzkWClXCIKF1M4zSXA1nSpEQUGritB9G/OQs7dGNLlC84r1c6Y+JXA0w3JDlFeDJfuNeoHaKeTn+321vpeE4ZSzwg==
Ostlj5LywpRjvnlwadsNRYQXr6dcEbwHQn46Rmsy9PTyDGyhH3u5JpiMIVmEz6xGdFRgbMo3kYyIias52ZOZsKj4Y9NrAB5e4OLQfXcE/Jf+sNu38MAMJQ04VOJXlzTC10I2n18O+6vd9pLTA89TWTNKyiE3lQyILNIQ4Ol4K25MiMYGJlKT5jtfI8O7ubPx
ATPEQYH4ZjNiFPbWi924J8VELeXart3r4dzSwZzU31y4iluvwsdBPinFuiZuzDki7bOXEI7J+948f8oLIsn/5rWvGKHJVhmmpxS+tcW8yIDt52wKGTRye21gMaVGBO25Lxq0tefTjLuTtvDhLnNmLTfWGi1sFL86pwTT+4k7YUKFyg0sW5vhPVonwLm4s+4=
aCsFbOjXNFk49cv66d3MKDEUTWSYgG7zm4N99u01Xr7iTLW5icPTWLLp59Y4b+4zbomzntE/nClVtuVuYySarcm8xJjJ16jC5dTu8+nwVd0KRKGBCwqwvfvzsPPXxpR5ovPqtdMm3uVQNKMyoxT3w0X7rbphWomkx/uddR4X5KG0s+I=
1DopL3afHfiZ9fK/OzIFH4Tc5wQC5x1we4QMCtmzWAHsFBomZ3bmCUFOfG8zs2U9+cLsrkvpZx7uvDQkaNfrinwFWgYTbRw+HCc5HgyoK/mUcFPU3mWT0MuJyfDquV+Bk4vXvEK7mytcyli0COrVVsuciF5uvKrM44RvGRvpp7ez4w==
mPqlGW08FS24yfjJS5vTGDMUTXWalmrzm4N99u01Xr7iTLW/icPTWLLp59Y4b+4zbomzntE/nClVtuVuYySarcm8xJjJ16jC5dTu8+nwVd0KRKGBCwqwvfvzsPPXxpR5ovPqtdMm3uVQNKMyoxT3w0X7rbphWomkx/uddR4X5KG0s+I=
YVSF1BleZH7NHO7Z0lc6J4Tc4RIe+h1we4QMCtmzWAHsFBwmZ3bmCUFOfG8zs2U9+cLsrkvpZx7uvDQkaNfrinwFWgYTbRw+HCc5HgyoK/mUcFPU3mWT0MuJyfDquV+Bk4vXvEK7mytcyli0COrVVsuciF5uvKrM44RvGRvpp7ez4w==
RLxcTsKfmH8iQcq+eaH2noTc4AQM/x1we4QMCtmzWAHsFB8mZ3bmCUFOfG8zs2U9+cLsrkvpZx7uvDQkaNfrinwFWgYTbRw+HCc5HgyoK/mUcFPU3mWT0MuJyfDquV+Bk4vXvEK7mytcyli0COrVVsuciF5uvKrM44RvGRvpp7ez4w==
GL55ua0JGuahtc3iogWeeceprOGRFLiWSaTSJzYUTJST4OTjrEinRsbA+0IwINHNPFMswv3Z/thSSzEoYGUbbaHPWXRgNDOnMzz+usjOoGlPGPyT9rzLg+g8LAFlVGQ2r0t0hp8O5muHspvPdVpiR7tT0927xlqVr+msLMQ+oLSRJeuqhESWcn5ucwITc1PXg6Wz9Q==
jRcBLTKq85UhFV0JbDHtbo7A1DNbfBnRn0hwotGp7cPIEnVb+8JnivCufzFDDaSDmVixV7DqOJZ4XGEppN+sdhkErpxqpxE8aFnrSfmDmYDIqKMjy5Ce7gAykA1XFPynnuAbR1BQjJXt6BSSd4c08rcS9m//nnsbPSbSoyPfU2lTGgrRlwWMOMwCUJDJaSteLNgG9obCE1bbj2Ozm6mzwQ==
Tm+bLlTqkWEuWxEaTP/PXFkvZxYNetC5/cR4KEYNwvCpm9NBSHmgab7e48mkpkEjIBBGGEll6LvhSCtujzgVV4vLHOBEgUoAKlJmsJsnQgsRrNFuNxv/Vpd5ws4QDNOfQwQ+Arh2QNE/IPyrhgQrO5iE7DkVbIQO3/P0Pu82BlP3ilt3BeKC/8tr0+XLfrot31FsFLQGQIzhnWsS9Hx2Sg5Ws7pjy7Nv852zzQ==
Tm+bLlTqkWEuWxEaTP/PXFkvZxYNetC5/cR4KEYNwvCpm9NBSHmgab7e48mkpkEjIBBGGEll6LvhSCtujzgVV4vLHOBEgUoAKlJmsJsnQgsRrNFuNxv/Vpd5ws4QDNOfQwQ+Arh2QNE/IPyrhgQrO5iE7DkVbIQO3/P0Pu82BlP3ilt3BeKC/8tr0+XLfrot31FsFLQGQIzhnWsS9Hx2Sg5Ws7pjy7Nv852zzQ==
1UJ3ccQ0zTiwEmj0P/lSDFjgju6s4p55vp6x+9NUOHPzkreejd5amokim81bnQkBgP/35n+as2A+Eu4dYZq0i6M3zWm5lsSqWw2vyk4ovEA4k8OefBFyQkMJlKq88/H6HKwDrdQk+1BOgVsE653BlLr99xUTH3/4Et+TP3wekFCYbn0Bi8igWn5YYhhDEOd9S62Po7P3
iIoyEYwHIF24w0n+wgHr72ciLFTLJDTFZHu52tCf+wlJXWsA0c3jXQID4FvSfCbZgV+0WXsKA/giaZe2iK8+056Jg76Bf+yJ5TZ1jrPkqo3ZvNS4+Rd4InVUXlOZsAX9OkRRYdvKAN2LcyBTBwZkmbLz+tWjZo5FwLRT0hNUp6M2+52asZp5BHd7DRVOV9SBpLPy
I716M7boM7tSOfJd9ybnGt/4242Yog+Y1FQMv6lj2N23iAxpRuYQl1yK2HQIqlWSy9wInm78KgzjxO/ZG6knd7Mj
me1yypuXVUxV5vQ09ehOhIaOu8gfUN+oNlxpf2VGpVivMFgvKAg3ciLNtaTZXtjkCJoBPI4T42t0ryb1bVBK6tFktQh0dyATc8m+cq+ij0cClctGO1J9XMQRVzxaJJevtv47JHBPd4gL4RSkfz2Vcu4BJQOuz4m+CsV8MzSJzV6AWc7EfQ79bOn/nxszBj8il5jZC0PJgG+6naqz/A==
EM0/najkHex+DesE7dORP2niZLAaPpLudqdWMdTVdk9yueuJ60IKksbUaTUkDSO8eCl0/kmgpUidi/7uhMtR/X6rr9zhBn/G0lonFvZXmh1ae40vYSpXcFFXdaDUSALUUHph3fsnOUnxZ9ncMDwT76OUvpLYhgDhHzD8u6Y0a8v4FGyp9RxEPv/j9C7PBsYjFxrb52USws/re9P160763b/B7IRUdoC8wYhrAtRMtjruxjMqAzvzX9ONs90=
+ldCtqrrtSuN7xxPdIHUzh5hpJUnE6jvXt87ajVlP4YeKiey9ikh7+/oJFluRv0NpHTbAjv037MJe2WKCfoRVP+7BaXmN4wxfLMq
Md0lGRqVB36uWZl7eO9uCDfV4vL36NM2V8nVOpp5U2epHx8aHX/Ntemwg0BOVRSlRuRRb28l1JRBTSVcOzqu3ahyWBdPYmB6teI6BHXeVcwx70eb6xbnwn9I0cvLOWiPQm1SswQ=
nFbhRcnYQ7DQQFdsyndgIPaEJ1eNrSoBhh6IHc/VDwesVF1eWt65kPkuSkoYFZvhkQm2gJ9cU/lIlmdcdNDki7mXkHk3LESdVtL4E/xOsEDY3t03i/gA6r5IQsjDwAdti11vU7MH
QYKYDV7IeIk35EPXfkDnIRd+YCxRRiViWuLBrAkSMvb4qeNdYbXOPF9gK8W4qh9glOycN0kr6MW3kDwhpm6ALxxyyHwo4qULS0R4Vk70OnQjfH9Re2EXb7M7
1jmj+rYRWBmQEPaGwOFNVCppy9cvmVEZQ08tZlrmybgZBhoS2M3LiTHhBvgfpOOR6H63BDQINKPZv2BBNxS0tTb6KMu8FmCoeLZtzwuAsAIeIBIQA5hXRWt1H2uzPw==
aQbYiBMcd7zgkugF3jWOZANa5PIeq3ADdE8tZlrmybgZBhoS2M3LiTHhBvgfpOOR6H63BDQINKPZv2BBNxS0tTb6KMu8FmCoeLZtzwuAsAIeIBIQA5hXRWt1H2uzPw==
AttPGvAgXV905mu8DUE55HM1mRjFp93noeDaZE02kZyGhEg/f/eJC6qevwaHPwDEy7LEWmB9AfUsh/dWcHt+oPQd7CSUlgCcgelrYpRsNtouZjOKQ1tzfxNtsz0=
N64VoB6LPHVxdXq8ZyCVT1kvZxYNetC5/cR4KEYNwvCpm9NBSHmgab7e48mkpkEjIBBGGEll6LvhSCtujzgVV4vLHOBEgUoAKlJmsJsnQgsRrNFuNxv/Vpd5ws4QDNOfQwQ+Arh2QNE/IPyrhgQrO5iE7DkVbIQO3/P0Pu82BlP3ilt3BeKC/8tr0+XLfrot31FsFLQGQIzhmWsS9Hx2Sg5Ws7pjy7Nv852zzQ==
oxpiY4uRshW/7Qf6lfAUCB5hpJQnE6jvXt87ajVlP4YeKiey9ikh7+/oJFluRv0NpHTbAjv037MIe2WKCfoRVP+7BaXmN4wxfLMq
8uwEcqHc6fSHnpMb83eVW8rsU8NeUiDsdValbvc/gjsUDDbPWOQH1mI0xBvRIjYBbdmcpRrSPd9FDrL70LKfpLLY0bF+YKY/keGC+SE2MKtYUtlrjq3+JmmILn7BvUGQOd1Mc5fzwr2n49uHK5e24DH8kITQw0Je/H+qi2LJP2b1r1ghCVbZJucU/jUFvAgArecsitk0svstYHElhgStOW8adDUn08w707YwYe5zJq131tqtrBT/uucEE3tJOiHCRcrNrBubob2aJwA5+LOu
g48WvFiew1ubI/8hoaPSXtMU3219hWuromMFjY3vsAe8LJKsoQ0IqAYn6eDW+FWvQ58npDh+05SfgEA2wRjIM7cxLVrCfzOS3Yl72bqMVeJSf92rgkbmHSxU3624xwVmzd8viraZeQd2LFXtZS9M7nSDOBqtOLL2ien9JIsDZ7DvJrFgNz+SjjjFmtPrM5Qb4ydt2bkmZJqbnY+aznhc0PjjI+58YZIyg5l0+jyj0WrcnKMd1JRbYA4Re9RrTaEE+g2X5RPvHwhST/Pv/M6wwNhe3bKKeABqvshCSMNAB+2L3W/Ts4c=
tWL36BVENQ7dgqih9s1ilsjy63ayKAv4va5H4akf+wRC9/mTynJSncFFmrawJjzhP6VcdM+3oiLIRN5i8fZHIfLY8P4BULhrl8k9UsJ3I2r90QuRekTlujLHTSMCznalzIxv5fgP9b7tpz+CtpFpf1b0pSUlZ/w2lDuoki2wIk7psU3sS0sX6M/eoWg3N4J2GJ3qmyv7JEODn/1ROa70IntFP9KOsKwI2Jsz5nxpgkqjQYQyfOthsjwkM5VUHMvYbknLHKsF0Vza9YftE+cP8HIXg6c8BgCYuOZNOgrwkNJeEPIAg4j3Naulf9uzjw==
byoo7o2U93gGdPXm3ggsCT7L9uXvdTeETZPdPbcScdbaNJmMI+peag3AFjXU+4WzC7Pirfb5Roe8e3yOFODS06zhqUwAzkkI8tX3eLk+tvKr4MJrn644ALqCVSqojFh6oZSQf4cd9bZCk+u+7cUjVdrATe5i00VHQqr+MZzYR+HYy10qfXP3ZrZ1oavGYA3hBWPUYsSvIPZt1CpaueXlaOuPP/zfCmmMt9NKogiJwl+Lf4wX04v1NXnKfLYrERfWrnQEnEhP+wJ8jUqeM9Us9lzvSeZssLvxFHjDzD4dY5gLwflIyiFPCZMDxyRiA6tjnIKozOjyRV5KlBhGDkTaBKNMX6E7cbc/s2s=
MSBdIAwJjBxFwkZ3gH7ts+jfQtotscNHemvjjpZ0ABWce+rmO8NGGW5wBxkkcUVjXGzDpPBTNMrnUWfrCsojrZoGJ7osmNK63ytZGJ9P2gZGLK4H56uQT+oEatJDD+lALy3RLlQNAnjHcMgJMIHzkvz5437rqLRD3MYLFloZjsHLcme476DS+MfknX6tOfFCfNtEa2kijjEleYQ1cpJVrz1u+qvIMof0+vhpgdagjq+JAUoJ2TbIW5CywfumbVYW0ahmLtk9WcBxvTQD/7OqLb9Dk7eTlw7Q+VyIFDgDqq4En2Jbekkntj2P4BGhFvG2/3S2RX28cHDlhzQa8XQay5VAufWehLXpp/qMxc8TJKvLFvhRVnOenT92wj3EVJfKn2RbK1G6OZIN6nWcs1uJLYLHyMkAs1Y=
+kqNf5gNEKTeHWQ0+7tBCaQrAmGAfSn+6PHJOWOuErPTj9df5mWuiCWrA+OI6R9yz9hMlZ7GrT9o2NyaGNHrBgRfrSvCK/k1fZdxuZKZU7ov92UlnmIDlOgbEwdskUijpvnWD+6pCX0NSVKI2LZybgp+3nx+YOGXwcJjiNbrkYgZmD0uJExRXvThX8/50IJpX/DFx/8DSmqJ0BrhqcEi8Orf1Lr7F+jBefTl4btAtk/VJS6iEffViVAc/F0MsM1O/nSxxxnem8Xb4odY5Wr3qX5soAueiZtVyKkrOZkzmRDo2OPzK6Ae/qDCUF03pPw3vpBbl7BgDIVNGNTCFzc0Ypditr8frvsLndYS80NvU/lzakoBdzUMKGzykMCp2CrODKhGJmbyk0Z7f6Pj+xmzUQ==
uFTOS6z4xKx0k10yY7rdPcV9RgToHWw9lNCdnbqkIRO7uI42LHZEd6OuHNrTPP6GMbDt0J8LXix48l6JfuVQknnUJ5W7R5UTVCnVqgEZdCUUTuTzQkJHJLNHpNkxub26vO48iZL8jjDr/ZryA2U3sJypUNHu03jqeZHiz6umBCKNaMxO18GPI/y+vTNv7B737Duznw1EvEGhG6MJ44LTyY++AiM6lxfi8M1bgfrJDGIrU0OWhFe20vkIhAAXfahQ8FP3+TT1pza2p+5KvwfYnSjqr1AY0qfdJzwPRUr/gUPU0cG77UvtV3Ash6T26Ebz1FJ6ZxynBKlZSkN3nu3f5o9KgYzIuQM8Doybf0rmj4RkN+u4xwngZMsV2QLyObHjWle17oatKLPgYUGOvMG6pOk24Zwl1y9aR25zEgtgzav30fw/tjV+syg=
D8L+yj5wYARvFT9DID4PRu2g6Yrc52hK2d8h3kZgAn4AsOsb/BHtH3IRZjRp9GNEYcD/+BU3wvNVIebs0WqPlglQDDWX7rbOUrRFq3PE/nPBySXRm2ItCDtBs1PrjJhaEAs1rn3DRfHjy/FqApGKd+VoazShvNTMElbU0U9MvBUQxwGgdrk7lkQwIEZBKOjDdyGNCsIvk4IdeVvpOvw1UpJvPXuCFoYNbOQ/XTj3JRaNz49atknZFzZcdd3l36xeNJNYSq3oUuZJWZ1UCzNHQC82ETA3bzKe+DW642tD9KsjN40JuXYEitstb2pOSHyguPODPnyxMiLD6VTKvFMx2pyMw03URLtwzqEbpOt9gfQ6HTe1E7+/GJK/0998vtBwGE49YoooYHr+eKK4Q3AnncvNzwOzVw==
Cn+mNOjiigB7mirTCCMJaejfQtotscNHemvjjpZ0ABWce/bnIcUGASJhChIlfAdkGGbPuvoMN4roUXDrDNV+sdkLObQ4hNil2ixDXJ8NxQpPP+QdvLaFFeZEZJNEQO5AOCnLZVJXH22dPt1Veob3jq+x/nml4alCxc0VF2sSvsbQem6i+Lzl6NzgnX6tOfFCfNtEa2kijjEleYQ1cpJVrz1u+qvIMof0+vhpgdagjq+JAUoJ2TbIW5CywfumbVYW0ahmLtk9WcBxvTQD/7OqLb9Dk7eTlw7Q+VyIFDgDqq4En2Jbekkntj2P4BGhFvG2/3S2RX28cHDlhzQa8XQay5VAufWehLXpp/qMxc8TJKvLFvhRVnOenT92wj3EVJfKn2RbK1G6OZIN6nWcs1uJLYLHyMkAs1Y=
ftH3vN08kmucNFvPgVMYLrlnb2804tBAJARGxgKR0fHK6saCDBqJrwgm+jEkvVHyNvAtAHvTtGlUsJPJK6lh9Jaf1PKtHoJAEuXRzxCbh0wHmrFHbAIb8uaX/CDVR130rJZttsuoUzXnr/kNZZRxlreTStYYXa3ngOQNjissGFqhdNAfB/01lkKzK15tpWO12uANTuJzBSdCSj6RHHiHwdirncr9E7dGtlXhy0aAzYEFQxTCRA/gFm20avo5RaVI629/nF/qqay384pCiOmCv4tfzLdTK7VVeSq8Fqux1/auFMR8yC+7InytCv6zNeyWXM+JRuwQexEUGINsvr0juAshuShKwY8pkyMHxOJj64OcouhsaFIFPkp02OaO5BokoyyfQbsR9x+zSw==
l6zh+7BsEXNonGccUSAbIJds49M9JZ4fqtdz7KEgU915ObOGyKos9Fl1MKlLj98i8YWc1BF87eN/AY6VWmYLM0Yu5PANHojgGcx6zN344Oox1HxUJn3XJaLyLW8pZ/FcQFB7UBW8CWhoRi98yx4wLpSyYaJKH36aO3pcDBImuagCOUkcQstK7ZtWG53Fs9GDXnCuPTdRhnWYxn19capc5HngciUB/XY2ppm5njO7I5Qr98CwyggaXjC+xFb0RBHGhAl/d2mYgjHvWKU/r4uKcnm4utm5CaIo2vc0wisfqFkJHMVZKwi2F2WNTlpBfxWRoHRcZRx4TZbOXFG/ydbbXasKp+B1IvfxzsTA884BW004wYsBifsZyNjwA4v7qF5m0Cpw5afs/G8OODtv4OjMnb1wdPoH/7S6p0pWx8+mu5PtPjJL0ydTocPCKvknvcwwnJow+LkQqhY8gKZetvrT3guXg1trUbMJ
bN0SqOZGySMgNfVh9XrNXSmmymgF4MUrZN+2orgvWLt1e5GFdJdUxCkWILOkAEq7Rj37swb03qSNEkP15wht7KaKqCpqQcY1NPM+7Vz2C85vR2t4PK6r9+GUoC9H/CT++mNMp3GxcgU3P6gIdy4UM0IhcB4b0WGEdEBgZkvBx+E7/KVcI4rl1Ya3ZfGIeYLtUpavn1WpBu1SFwg9TI7LI2Vw1QrHTRnFTwXiZr0/IriimhvCL74sbyxCqYbUjFUq75oXqQtGTjMmX3NiFIVHkTaxiIJvS0+m+N9Skt0AuHCb5exw9Gu7aai9gzaS73La8z/cvWxyIyAk2oOdw7RzdUbnxaNQqQ2r8QMJ1xTkm7S6EMKTEEp2V+AvYGl9Qn+HEnUbxotyTRxUcSc8KkQH74bei6Sgr2dI+wHEpK+dJTL+IXWD3q/5/pplTDMEKV2ecLk+RK0u7axZX8saY2ZPYof4iYvz6bCvKn1asww=
JmqmkuuSnyUS42Pitdv7pVFGMdc+5mDc+eRQFIbhfjcMhdtOU70ePEZFLHykjmBEMXDv+iS0VsIePvPS88MTpyN1syU=
Jb04xqIcgvYRP1yr5tnwuh+uc/tIdCC7oi1e1YGxc7/9P09szyysZLHmSTydZ6Pfzx6LcuMwFevP4dQfriV2syA=
Vn4YdpDmSZ6jFAIjvVY4bTT2+FW7pmre2fVRTaACL1wk9Ctiy7Qv0xl/dao5uqH0TzuVBbb33NEMs1o=
OF3OTMyFVA4fBIAqs3Iwg4YgOMJxdxrhIlhu8h+NTGC8inBoGUSvRpwQ5k6WqlOOK4fDy8sBs1k=
ALTdZUtoP6YLzZayPkDGJVqx+kifPJNZyHKlMnTwpCs591BZNwyE/dZyuDP8LnCgWH4dW48YQEo+KAIow+DHzQu9L3OzJw==
/Xsc31IamfKmyx+gKKr5W+3Gqw31jDM+uon+BXMQWs7wtWUvJQdpky/bDlCkP+wtk6yVAxsnDAn68zVKXpu4hRL0S6JrNI+T/X5Valk6wTRvO3VFVnd8EWyzOg==
9dAkziup2Pk34dHROqlyHi/O4PUwNKDVFRghuAix0xWynNv7vPYgCPjWreoOoPDinoDScAO4F6Xr1d8Ls18=
9dAkziup2Pk34dHROqlyHi/O4PUwNKDVFRghuAix0xWynNv7vPYgCPjWreoOoPDinoDScAO4F6Xr1d8Ls18=
bwwOd80xA0j9RWH/ntLA310H8IOWM06p9VbD1eu8tHfG6qzItuhVxaVVeBQUW+pvUdGXS14T+uiCkLbp34b9hJm/gaORh8JIg/oUTNa9P9OFndrk1J2Qdbrf84XrCPjNxL8juE6rLh2EIGF+o685JlxqFoTj/wAZDeZM
