hqmwRas+nfHz2yYYp84PJaLnnRC7pUhMtj9KDiNveeyE29NIa7HU2vJj9dImtVV2pEhuQvDCE+XLlvF5d8BDI+LQDF6LOceubsxUdCjny5p8FXo2Uz18TpyXmc7MWMvplGAzpJ41M2BLeSkgKol/kZOb94yCa3vb3Hr45EiatUDIjGmurmwKfGP0D0lb2Yens/M=
DjeSXTbpK7SfLfHtLkhhsC4kSKPZCzleeHQrYRzH0C85HhqaAHix1QxLLNrFx5CAYpPx8NA9e/URV9ns0KxT/4PkPmL4lsBxfwD8i8akq9vY5OzZ1QwErh/T9B4vloYzN2pbF0UCAl+LS9PFi946zZ8xbPR0ZsAsIbpoMjXc9irOtrPaIyszz7O9s+0=
+pHht6qaiUODQc7Ktrmlcw8+z0f//CWX4mIoX4JsDVbNX+4W0Kz0IE5PxFWVpdjwnKUvBwRl4zlQi6/hLxDhhra25FV4fq8G2Cyh+cTvrGY49uLMiheRrMgpK5mZs5mQ6FjjcysgHn6gQlDdNyT8t74QWxew4AwFTZjUQhe3NOKX4rY/Hy77i51WEnND71N5c+pKgXe1DKhscpBAqV4oTg0oRqZmcpPGe/+jY/uZs9E=
Bl3xs5jszbq8nALmfHMpXRlDAzpYTePEGIz0wEs6O+2YciSMc35IFQWUBFlRem43iF8I6dXyt6cKheMGU+L1vBwhTzxCFE9PPk5TZFhff2gzsWwkx+1tUuYRTUMGPwEeUrVkMyx5Ff4IKWYElR71TJGvJZjL1wdCn4jxy6t5CA/irbKz5A==
9gRrJz4UciQmdWaNZo60zjRIvnNzzpY0jsj1tsvlvWRFYP/4FIkMAZ8Cd73kGrAM55+1xcmsUDklYmIHlLf8KWFaK9eGHVemhxo5bCAJWzxWPHOf8raHxOzH8xivGdjkMwVxYuoJOSNSB83Orl3ws7gRaa5EEbLkYQb5fI3HUdh/f5uyExBFa/8BRF/ehaaz8A==
S/ywNvz+z5nSEpL3AvuS2jRIvnNzzpY0jsj1tsvlvWRFcff2EoYNU58Cd73kGrAM5561xcmsUDklYmIHlLf8KWFaK9eGHVemhxo5bCAJWzxWPHOf8raHxOzH8xivGdjkMwVxYuoJOSNSB83Orl3ws7gRaa5EEbLkYQb5fI3HUdh/f5uyExBFa/8BRF/ehaaz8A==
385uPYhEG0gxJwT/pjop0Sta/K3b0lG+SXyymLww1JClmqGBomEnEvCdHNeaTAxCd9W2wUvdtVEpYisykPARnVxjLPKXijEI8jux2MA1W71B/1lEgORz95PMfspoHmA5Lyj8o5bsC1NITKzxxQQk5k97dLZ/3qY7J0Ibv9WKohfbY9Pt25aaRQ+ZLNxkbuBkcRLommWU1iLenvNys6OTh+OVs8U=
r2RzyNBpHtrGDA+1LTpSHYQXr6dcEbwPQGgoEmY76qbyCiX1US7LJpiMIVmEz6xGflZhbMo3kYyIias52ZOZsKj4Y9NrAB5e4OLQfXcE/Jf+sNu38MAMJQ04VOJXlzTC10I2n18O+6vd9pLTA89TWTNKyiE3lQyILNIQ4Ol+KG5NiMYGJlKT5jtfI8O7ubPx
6nciQXRCWeCS79ZiDMVd7CM2IqQmSCwhPUCvVE1wTnT1hVtDVVEvtIGQZENt3OGTRzIf3dwKuAzvi40lIZwIeZ2yiqcMx3Sp6eqzty7Nr2bfahFM2BlTPF4si7/axt8EFBdbeDepUGS7denCAtmBYwo3JS6WTfizsAFRziwhaiTZVpHcFTfZWPfPA1K7QD0rJ/Fsf6aVrrP4
N1rYNdaPzuakr3m7zXouxJdeJ+uIxJj2/dyBy6DUmxnsyR77h6NBPinFuiZuzDkm672XEI7J+948f8oLIsn/5rWvGKHJVhmmpxS+tcW8yIDt52wKGTRye21gMaVGBO25Lxq0tefTjLuTtvDhLnNmLTfWGi1sFL86pwTT+484YUOFyg0sW5vhPVonwLm4s+4=
x56WvV4CvKpDO4YBFwmRVuL0lwqiqkkfrDZLDjd6c9aEhZwnDd+9wPt07NoZg3gR7AQ/EKmmBvnB/tw/c8MFLfnSDF6LOceubsxUdCjny5p8FXo2Uz18TpyXmc7MWMvplGAzpJ41M2BLeSkgKol/kZOb94yCa3vb3Hr45EiatUDIjGmurmwKfGP0D0lb2Yens/M=
pgAOsQURbF61fUMqBYIVhfqWmuTT9nc4SayIWMa06n7o5AFhlMesXk9/ARSaf1FUeGELgUkbGSgYUIMru8heBpCK8EVnDPyPzpi7z6CIzP390PRaxx+0Wmfq1mePxrvzrZ6y6xPHU0EDYqpZZ93MUNw6sFh59qj2/SAm/vaa075LNwP7q7Gz6Q==
7HVt1vYebTb5xEQ/N1UqtYQNo6peUPVHX39xHypktfTwE2T1US7LJpiMIVmEz6xGeVdhbMo3kYyIias52ZOZsKj4Y9NrAB5e4OLQfXcE/Jf+sNu38MAMJQ04VOJXlzTC10I2n18O+6vd9pLTA89TWTNKyiE3lQyILNIQ4Ol+KG5NiMYGJlKT5jtfI8O7ubPx
zutaMDoD/knA8Jx8VC5BDbium5uDkYGUxoRuQr+RkLg4k8NtBDar57nKajap7LRf9XyMdn8vtj0JfgSM9+95ZTb+dGYpI2n9VujKaV2Fj313hWa0NGZGv28iZ31UemAMt3kEhNmMILn1AlLHBBcMKVG6u5d2PQcmN3oprFCpizyGnANf4tY3RLznA1g/+ejkw6Xhotpp6aMiJ92OHr2gs2hx2W5UMUJkMebJPB1nIdhPHwtyYzCV60/hVB8uJfazoA==
gQZmt4bPW6mz7rkZw0t+Vo6Kt8AaZIyyOGEmb38Pxlr8CmQBGR0kYCGI87vPHZLkAI4KH+NKs01AgjyMaw8QtI1krBk5amYXcI+waa2ij0cClctGO1J9XMQRVzxaJJevtv47JHBPd4gL4RSkfz2Vcu4BJQOuz4m+CsV8MzSJzV6AWc7EfQ79bOn/nRgzBz8il5jZC0PJgG+6naqz/A==
XCN35LktE/ScQxcWMIxmotAgLNba4psgNgy4QgwZGm9Dd/KqyGJI4TV1cLD10K97E0XGNNQmZr8P4sf9tDpADJe3ZAR5zMC51cIyR6RX7ClxetsX1n3nJhe6SSzw6Ws8Ztyj34IWF0Rcp6PYXznI5CPlQSK6qcmjwmd9Dn59gLNIMTnu9PEiZBGmKby9p0HYb1/r8sPw9etvobSfjuWWs8A=
hVuTcNOF6kMMmkVxOguiddhPvb9ERXgCqL2CNcaLm5vvwPF3JkfowXmu6+0kYkI+y+Dzs4grnB8X5EyqWVOYIew00cHo1qZpQW68j7MTJV35IiwOy4knPu5c9ITot6uqfCUaZpPN3N4cB3l+jAjrGZQQE3RehVPwy+mJUGpZn6GTqxdcwhvbS1zqmFSISpUwyHxJ/u7c6uzjZK+5m4nnl7PD
ekAbysV97pfmFYfaF0zFA7BpPwxM8TD2iTAkGLJKBh0Yb0Fz+KLCdlrxJ2GamJ/0TVtxYSwcvvK07102DbX+/oJMVXMuTLMYkukHFljvTvOOiZPesb886XW2hS7DpHpt6bzkWClXCIKF1M4zSXA1nSpEQUGritB9G/OQs7dGNLlC84r1c6Y+JXA0w3JDlFeDI/iNe4HaKeTn+321vpeE4ZSzwg==
AypkPGLPAcm4RdVFrPWemYQXr6dcEbwHQn46Rmsy9PTyDGyhH3u5JpiMIVmEz6xGdFRgbMo3kYyIias52ZOZsKj4Y9NrAB5e4OLQfXcE/Jf+sNu38MAMJQ04VOJXlzTC10I2n18O+6vd9pLTA89TWTNKyiE3lQyILNIQ4Ol+KG5NiMYGJlKT5jtfI8O7ubPx
OdusPfFoXTysCXGNJ1JYuMVELeXart3r4dzSwZzU31y4iluvwsdBPinFuiZuzDki7bOXEI7J+948f8oLIsn/5rWvGKHJVhmmpxS+tcW8yIDt52wKGTRye21gMaVGBO25Lxq0tefTjLuTtvDhLnNmLTfWGi1sFL86pwTT+484YUOFyg0sW5vhPVonwLm4s+4=
bSG1+7nMjHLAjar+Wywd4jEUTWSYgG7zm4N99u01Xr7iTLW5icPTWLLp59Y4b+4zbomzntE/nClVtuVuYySarcm8xJjJ16jC5dTu8+nwVd0KRKGBCwqwvfvzsPPXxpR5ovPqtdMm3uVQNKMyoxT3w0P4rbthWomkx/uddR4X5KG0s+I=
DHKPaKZsznSeJFTEsP5vf4Tc5wQC5x1we4QMCtmzWAHsFBomZ3bmCUFOfG8zs2U9+cLsrkvpZx7uvDQkaNfrinwFWgYTbRw+HCc5HgyoK/mUcFPU3mWT0MuJyfDquV+Bk4vXvEK7mytcyli0COrVUMiciV5uvKrM44RvGRvpp7ez4w==
hVDSdWN54fLIjLaWOxURLDMUTXWalmrzm4N99u01Xr7iTLW/icPTWLLp59Y4b+4zbomzntE/nClVtuVuYySarcm8xJjJ16jC5dTu8+nwVd0KRKGBCwqwvfvzsPPXxpR5ovPqtdMm3uVQNKMyoxT3w0P4rbthWomkx/uddR4X5KG0s+I=
m+r7k7Rk1BmiwhXUJ6TBRoTc4RIe+h1we4QMCtmzWAHsFBwmZ3bmCUFOfG8zs2U9+cLsrkvpZx7uvDQkaNfrinwFWgYTbRw+HCc5HgyoK/mUcFPU3mWT0MuJyfDquV+Bk4vXvEK7mytcyli0COrVUMiciV5uvKrM44RvGRvpp7ez4w==
xfYtQ7cFyuGR0jyykMScJYTc4AQM/x1we4QMCtmzWAHsFB8mZ3bmCUFOfG8zs2U9+cLsrkvpZx7uvDQkaNfrinwFWgYTbRw+HCc5HgyoK/mUcFPU3mWT0MuJyfDquV+Bk4vXvEK7mytcyli0COrVUMiciV5uvKrM44RvGRvpp7ez4w==
Abz/i2sct3Oqcz0n3QpyIceprOGRFLiWSaTSJzYUTJST4OTjrEinRsbA+0IwINHNPFMswv3Z/thSSzEoYGUbbaHPWXRgNDOnMzz+usjOoGlPGPyT9rzLg+g8LAFlVGQ2r0t0hp8O5muHspvPdVpiR7tT0927xlqVr+msLMQ+oLSRIe+qhUSWcn5ucwITc1PXg6Wz9Q==
XGNyVKhhXSO59qVu12EW447A1DNbfBnRn0hwotGp7cPIEnVb+8JnivCufzFDDaSDmVixV7DqOJZ4XGEppN+sdhkErpxqpxE8aFnrSfmDmYDIqKMjy5Ce7gAykA1XFPynnuAbR1BQjJXt6BSSd4c08rcS9m//nnsbPSbSoyPfU2lTGgrRlwWMOMwCUJDJbS9eLdgG9obCE1bbj2Ozm6mzwQ==
hz6gvEBeHYNkhR8JjFwUIVkvZxYNetC5/cR4KEYNwvCpm9NBSHmgab7e48mkpkEjIBBGGEll6LvhSCtujzgVV4vLHOBEgUoAKlJmsJsnQgsRrNFuNxv/Vpd5ws4QDNOfQwQ+Arh2QNE/IPyrhgQrO5iE7DkVbIQO3/P0Pu82BlP3ilt3BeKC/8tr0+XLfrot31FsFLQGQIzhmW8S9Xx2Sg5Ws7pjy7Nv852zzQ==
li+42515IKZ2CrJ1QZ35Yljgju6s4p55vp6x+9NUOHPzkreejd5amokim81bnQkBgP/35n+as2A+Eu4dYZq0i6M3zWm5lsSqWw2vyk4ovEA4k8OefBFyQkMJlKq88/H6HKwDrdQk+1BOgVsE653BlLr99xUTH3/4Et+TP3wekFCYbn0Hj8ihWn5YYhhDEOd9S62Po7P3
L6QLyNg30c+jGmJ2qPh7TGciLFTLJDTFZHu52tCf+wlJXWsA0c3jXQID4FvSfCbZgV+0WXsKA/giaZe2iK8+056Jg76Bf+yJ5TZ1jrPkqo3ZvNS4+Rd4InVUXlOZsAX9OkRRYdvKAN2LcyBTBwZkmbLz+tWjZo5FwLRT0hNUp6Mw/52bsZp5BHd7DRVOV9SBpLPy
YLC3/1EbHcYCtJBqsDIzjN/4242Yog+Y1FQMv6lj2N23iAxpRuYQl1yK2HQIqlWQz9wJnm78KgzjxO/ZG6knd7Mj
y2zHGWHvAIsTnIKw6tR8PoaOu8gfUN+oNlxpf2VGpVivMFgvKAg3ciLNtaTZXtjkCJoBPI4T42t0ryb1bVBK6tFktQh0dyATc8m+cq+ij0cClctGO1J9XMQRVzxaJJevtv47JHBPd4gL4RSkfz2Vcu4BJQOuz4m+CsV8MzSJzV6AWc7EfQ79bOn/nR8zBz8il5jZC0PJgG+6naqz/A==
4BPv6WAj1JoCIZ7PZN8cmWniZLAaPpLudqdWMdTVdk9yueuJ60IKksbUaTUkDSO8eCl0/kmgpUidi/7uhMtR/X6rr9zhBn/G0lonFvZXmh1ae40vYSpXcFFXdaDUSALUUHph3fsnOUnxZ9ncMDwT76OUvpLYhgDhHzD8u6Y0a8v4FGyp9RxEPv/j9C7PBsYjFxrb52USws/re9P160763b/B7IRUdoC8wYpvAtVMtjruxjMqAzvzX9ONs90=
qkaIk74+IqFxUETflGLVMR5hpJUnE6jvXt87ajVlP4YeKiey9ikh7+/oJFluRv0NpHTbAjv037MLf2WLCfoRVP+7BaXmN4wxfLMq
7R/yqiJMD850H5sL71P89DT2+FW7pmre2fVRTaACL1wk9Ctiy7Qv0xt/das5uqH0TzuVBbb33NEMs1o=
oIAsaHfbQiscNk0PNyHN1IYgOMJxdxrhIlhu8h+NTGC8inBoGUavRp0Q5k6WqlOOK4fDy8sBs1k=
4lVKp4e8yfNrtmZKowzkMDT2+FW7pmre2fVRTaACL1wk9Ctiy7Qv0xR/das5uqH0TzuVBbb33NEMs1o=
SF7oVIkxS/+g/6jHNB9LYIYgOMJxdxrhIlhu8h+NTGC8inBoGUmvRp0Q5k6WqlOOK4fDy8sBs1k=
BGqq5NB7vHFTXaZUfAR5zjfV4vL36NM2V8nVOpp5U2epHx8aHX/Ntemwg0BOVRSlRuRRb28l1JRBTSVcOzqu3ahyWBdPYmB6teI6BHXeVcwx70qf6xfnwn9I0cvLOWiPQm1SswQ=
XTmWEmFonPzPqoC7W84IMPaEJ1eNrSoBhh6IHc/VDwesVF1eWt65kPkuSkoYFZvhkQm2gJ9cU/lIlmdcdNDki7mXkHk3LESdVtL4E/xOsEDY3t07j/gB6r5IQsjDwAdti11vU7MH
5OzYA7mNWAvHIViP9IeRYBd+YCxRRiViWuLBrAkSMvb4qeNdYbXOPF9gK8W4qh9glOycN0kr6MW3kDwhpm6ALxxyyHwo4qUHT0R5Vk70OnQjfH9Re2EXb7M7
q9riVjimStwO3u4Y9Wr7JCppy9cvmVEZQ08tZlrmybgZBhoS2M3LiTHhBvgfpOOR6H63BDQINKPZv2BBNxS0tTb6KMu8FmCoeLZtww+AsQIeIBIQA5hXRWt1H2uzPw==
wC0Q97fTtONbCMzN+6qjygNa5PIeq3ADdE8tZlrmybgZBhoS2M3LiTHhBvgfpOOR6H63BDQINKPZv2BBNxS0tTb6KMu8FmCoeLZtww+AsQIeIBIQA5hXRWt1H2uzPw==
1402q9W3jnQmdwqaB2Lx0XM1mRjFp93noeDaZE02kZyGhEg/f/eJC6qevwaHPwDEy7LEWmB9AfUsh/dWcHt+oPQd7CSUlgCcgeVvYpVsNtouZjOKQ1tzfxNtsz0=
MqQtIi6WcG1Qn7b3mHEqcFkvZxYNetC5/cR4KEYNwvCpm9NBSHmgab7e48mkpkEjIBBGGEll6LvhSCtujzgVV4vLHOBEgUoAKlJmsJsnQgsRrNFuNxv/Vpd5ws4QDNOfQwQ+Arh2QNE/IPyrhgQrO5iE7DkVbIQO3/P0Pu82BlP3ilt3BeKC/8tr0+XLfrot31FsFLQGQIzhlW8S9Xx2Sg5Ws7pjy7Nv852zzQ==
TBWF9x1gkPlYFfuwCPAzAB5hpJQnE6jvXt87ajVlP4YeKiey9ikh7+/oJFluRv0NpHTbAjv037MEf2WLCfoRVP+7BaXmN4wxfLMq
amwb8o1XRwXVG+D0aTVW2lFGMdc+5mDc+eRQFIbhfjcMhdtOU70ePEZFLHykjmBEMXLu+iW0VsIePvPS88MTpyN1syU=
oyhK1gkUpEC0wV37rhOLPR+uc/tIdCC7oi1e1YGxc7/9P09szyysZLHmSTydZ6Hezx+LcuMwFevP4dQfriV2syA=
91/XcizJW+3d45s1b2HF4DT2+FW7pmre2fVRTaACL1wk9Ctiy7Qv0xt+das5uqH0TzuVBbb33NEMs1o=
wn3Oo0PHTGf+fViVPYTqlIYgOMJxdxrhIlhu8h+NTGC8inBoGUauRp0Q5k6WqlOOK4fDy8sBs1k=
w1LZXqzrMwpw9lStpSVsYFqx+kifPJNZyHKlMnTwpCs591BZNwyE/dZyuDP8LnCgWH4dU4sYQEo+KAIow+DHzQu9L3OzJw==
p04gJ6dul8Z1R0tHkm7kzu3Gqw31jDM+uon+BXMQWs7wtWUvJQdpky/bDlCkP+wtk6yVAxsnDAn68zVKXpu4hRL0S6JrNI+T/HtValk6wTRvO3VFVnd8EWyzOg==
m0uoYeBeu0wX8Ttio4VLWS/O4PUwNKDVFRghuAix0xWynNv7vPYgCPjWresLoPDinoDScAO4F6Xr1d8Ls18=
m0uoYeBeu0wX8Ttio4VLWS/O4PUwNKDVFRghuAix0xWynNv7vPYgCPjWresLoPDinoDScAO4F6Xr1d8Ls18=
bwwOd80xA0j9RWH/ntLA310H8IOWM06p9VbD1eu8tHfG6qzItuhVxaVVeBQUW+pvUdGXS14T+uiCkLbp34b9hJm/gaORh8JIg/oUTNa9P9OFndrk1J2Qdbrf84XrCPjNxL8juE6rLh2EIGF+o685JlxqFoTj/wAZDeZM
