V795R18vEd8fXCWhyQ+wnKLnnRC7pUhMtj9KDiNveeyE29NIa7HU2vJj9dImtVV2pEhuQvDCE+XLlvF5d8BDI+LQDF6LOceubsxUdCjny5p8FXo2Uz18TpyXmc7MWMvplGAzpJ41M2BLeSkgKol/kZOb94yCa3vb3Hr45EiatUPPjGmurmwKfGP0D0lb2Yens/M=
0U5mh87bMskcBZqgtK7Dqy4kSKPZCzleeHQrYRzH0C85HhqaAHix1QxLLNrFx5CAYpPx8NA9e/URV9ns0KxT/4PkPmL4lsBxfwD8i8akq9vY5OzZ1QwErh/T9B4vloYzN2pbF0UCAl+LS9PFi946zZ8xbPR0ZsAsIblvMjXc9irOtrPaIyszz7O9s+0=
x3ROfXxHVWZ/zaih1jFFjg8+z0f//CWX4mIoX4JsDVbNX+4W0Kz0IE5PxFWVpdjwnKUvBwRl4zlQi6/hLxDhhra25FV4fq8G2Cyh+cTvrGY49uLMiheRrMgpK5mZs5mQ6FjjcysgHn6gQlDdNyT8t74QWxew4AwFTZjUQhe3NOKX4rY/Hy77i51WEnND71N5c+pKgXe1DKhscpBAqV0vTg0oRqZmcpPGe/+jY/uZs9E=
lU1LRjGkZtMRqcChj2TAohlDAzpYTePEGIz0wEs6O+2YciSMc35IFQWUBFlRem43iF8I6dXyt6cKheMGU+L1vBwhTzxCFE9PPk5TZFhff2gzsWwkx+1tUuYRTUMGPwEeUrVkMyx5Ff4IKWYElR71TJGvJp/L1wdCn4jxy6t5CA/irbKz5A==
4wqYLPBUMFbaarvMEoh0/zRIvnNzzpY0jsj1tsvlvWRFYP/4FIkMAZ8Cd73kGrAM55+1xcmsUDklYmIHlLf8KWFaK9eGHVemhxo5bCAJWzxWPHOf8raHxOzH8xivGdjkMwVxYuoJOSNSB83Orl3ws7gRaa5EEbLkYQb5fI3HUt9/f5uyExBFa/8BRF/ehaaz8A==
SoL1IaQQQdozz1WeLNiWCjRIvnNzzpY0jsj1tsvlvWRFcff2EoYNU58Cd73kGrAM5561xcmsUDklYmIHlLf8KWFaK9eGHVemhxo5bCAJWzxWPHOf8raHxOzH8xivGdjkMwVxYuoJOSNSB83Orl3ws7gRaa5EEbLkYQb5fI3HUt9/f5uyExBFa/8BRF/ehaaz8A==
uyqPp8EEqZ/8COcrulCmIita/K3b0lG+SXyymLww1JClmqGBomEnEvCdHNeaTAxCd9W2wUvdtVEpYisykPARnVxjLPKXijEI8jux2MA1W71B/1lEgORz95PMfspoHmA5Lyj8o5bsC1NITKzxxQQk5k97dLZ/3qY7J0Ibv9WKohfbY9Pt25aaRQ+ZLNxkbuBkcRHvmmWU1iLenvNys6OTh+OVs8U=
DhSuikHQhFKMxlH19JQBhYQXr6dcEbwPQGgoEmY76qbyCiX1US7LJpiMIVmEz6xGflZhbMo3kYyIias52ZOZsKj4Y9NrAB5e4OLQfXcE/Jf+sNu38MAMJQ04VOJXlzTC10I2n18O+6vd9pLTA89TWTNKyiE3lQyILNIQ4Ol9L25NiMYGJlKT5jtfI8O7ubPx
b2vzS94sSVkETsrlIY2R4CM2IqQmSCwhPUCvVE1wTnT1hVtDVVEvtIGQZENt3OGTRzIf3dwKuAzvi40lIZwIeZ2yiqcMx3Sp6eqzty7Nr2bfahFM2BlTPF4si7/axt8EFBdbeDepUGS7denCAtmBYwo3JS6WTfizsAFRziwhaiTZVpHcFTfaX/fPA1K7QD0rJ/Fsf6aVrrP4
XNft4WRdB9kyL9yTyO2kgZdeJ+uIxJj2/dyBy6DUmxnsyR77h6NBPinFuiZuzDkm672XEI7J+948f8oLIsn/5rWvGKHJVhmmpxS+tcW8yIDt52wKGTRye21gMaVGBO25Lxq0tefTjLuTtvDhLnNmLTfWGi1sFL86pwTT+4w/YUOFyg0sW5vhPVonwLm4s+4=
PVD+3GYACkWUuUU/4ysMYOL0lwqiqkkfrDZLDjd6c9aEhZwnDd+9wPt07NoZg3gR7AQ/EKmmBvnB/tw/c8MFLfnSDF6LOceubsxUdCjny5p8FXo2Uz18TpyXmc7MWMvplGAzpJ41M2BLeSkgKol/kZOb94yCa3vb3Hr45EiatUPPjGmurmwKfGP0D0lb2Yens/M=
qYiPhdLMB00N8xvL6FNT6/qWmuTT9nc4SayIWMa06n7o5AFhlMesXk9/ARSaf1FUeGELgUkbGSgYUIMru8heBpCK8EVnDPyPzpi7z6CIzP390PRaxx+0Wmfq1mePxrvzrZ6y6xPHU0EDYqpZZ93MUNw6sFh59a/2/SAm/vaa075LNwP7q7Gz6Q==
OJgXE8T1CFJD/FLhP2IcrGB+Zb4gSWB+aQy0FhAjHCn0mEIdChRjpc2SeFAol+GTRzIf3dwKuAzvi4wlIZwIeZ2yiqcMx3Sp6eqzty7Nr2bfahFM2BlTPF4si7/axt8EFBdbeDepUGS7denCAtmBYwo3JS6WTfizsAFRziwhaiTZVpHcFTfaX/fPA1K7QD0rJ/Fsf6aVrrP4
8bejtEV5ck6o4eeljWyj2oQNo6peUPVHX39xHypktvTwE2T1US7LJpiMIVmEz6xGeVdhbMo3kYyIias52ZOZsKj4Y9NrAB5e4OLQfXcE/Jf+sNu38MAMJQ04VOJXlzTC10I2n18O+6vd9pLTA89TWTNKyiE3lQyILNIQ4Ol9L25NiMYGJlKT5jtfI8O7ubPx
euDpzrIez60//rckDRkDWrium5uDkYGUxoRuQr+RkLg4k8NtBDar57nKajap7LRf9XyMdn8vtj0JfgSM9+95ZTb+dGYpI2n9VujKaV2Fj313hWa0NGZGv28iZ31UemAMt3kEhNmMILn1AlLHBBcMKVG6u5d2PQcmN3oprFCpizyGnANf4tY3RLznA1g/+ejkw6Xhotpp6aMiJ92OHr2gs2hx2W5UMUJkMebJPB1nIt9PHwtyYzCV60/hVB8uJfazoA==
JjQIUrNs8P8TKWvN5ml9HY6Kt8AaZIyyOGEmb38Pxlr8CmQBGR0kYCGI87vPHZLkAI4KH+NKs01AgjyMaw8QtI1krBk5amYXcI+waa2ij0cClctGO1J9XMQRVzxaJJevtv47JHBPd4gL4RSkfz2Vcu4BJQOuz4m+CsV8MzSJzV6AWc7EfQ79bOn/nh8zBz8il5jZC0PJgG+6naqz/A==
S6XeoGcNgspFAPmSJfgg4YQXr6dcEbwHQn46Rmsy9PTyDGyhH3u5JpiMIVmEz6xGdFRgbMo3kYyIias52ZOZsKj4Y9NrAB5e4OLQfXcE/Jf+sNu38MAMJQ04VOJXlzTC10I2n18O+6vd9pLTA89TWTNKyiE3lQyILNIQ4Ol9L25NiMYGJlKT5jtfI8O7ubPx
aiiZbmXlJwJ46FDvVUBp+sVELeXart3r4dzSwZzU31y4iluvwsdBPinFuiZuzDki7bOXEI7J+948f8oLIsn/5rWvGKHJVhmmpxS+tcW8yIDt52wKGTRye21gMaVGBO25Lxq0tefTjLuTtvDhLnNmLTfWGi1sFL86pwTT+4w/YUOFyg0sW5vhPVonwLm4s+4=
0AE2Y9JqajVmNRvr2gFcyjEUTWSYgG7zm4N99u01Xr7iTLW5icPTWLLp59Y4b+4zbomzntE/nClVtuVuYySarcm8xJjJ16jC5dTu8+nwVd0KRKGBCwqwvfvzsPPXxpR5ovPqtdMm3uVQNKMyoxT3w0D/rbthWomkx/uddR4X5KG0s+I=
ZYqzWtKJh6k+14Dyon0nPoTc5wQC5x1we4QMCtmzWAHsFBomZ3bmCUFOfG8zs2U9+cLsrkvpZx7uvDQkaNfrinwFWgYTbRw+HCc5HgyoK/mUcFPU3mWT0MuJyfDquV+Bk4vXvEK7mytcyli0COrVU8+ciV5uvKrM44RvGRvpp7ez4w==
Sji/SpKCUosJI974J3JZ4DMUTXWalmrzm4N99u01Xr7iTLW/icPTWLLp59Y4b+4zbomzntE/nClVtuVuYySarcm8xJjJ16jC5dTu8+nwVd0KRKGBCwqwvfvzsPPXxpR5ovPqtdMm3uVQNKMyoxT3w0D/rbthWomkx/uddR4X5KG0s+I=
MHXA3mRS3oTMNjDvBLuTx4Tc4RIe+h1we4QMCtmzWAHsFBwmZ3bmCUFOfG8zs2U9+cLsrkvpZx7uvDQkaNfrinwFWgYTbRw+HCc5HgyoK/mUcFPU3mWT0MuJyfDquV+Bk4vXvEK7mytcyli0COrVU8+ciV5uvKrM44RvGRvpp7ez4w==
LWPKw+bxQadf0QeMYKy0yITc4AQM/x1we4QMCtmzWAHsFB8mZ3bmCUFOfG8zs2U9+cLsrkvpZx7uvDQkaNfrinwFWgYTbRw+HCc5HgyoK/mUcFPU3mWT0MuJyfDquV+Bk4vXvEK7mytcyli0COrVU8+ciV5uvKrM44RvGRvpp7ez4w==
L0+WK3d57d4udiShqn4Vl0jwIEuMvjZSLmV+A+0EuQAZKPt7e3hPcdmU/KK1q1Ws4ROVBmWVBs76TK1IVmJbKNqpz8YwT9ZjFgkLTinflDk99k3e68RCndG83KgRNyByTZSG4+EQrQ2yxNnRMyq4rdOz2INfZkyJuvPyxYuGVhW49IsiqzTPE7h/FesZOoG0Lzs1xZZ3vJGss/o=
YrgtjiFsgDn1aYY33DnAm/X2FaHIoaz+iXTBgqWNokNAhJyV/IhNZi6gkEUpJlutS+ZvNYnt8xU6dAU8CbDchds1Rf9pCxk4OADDextY3pYw2rAVRxz8n+7I+58AGExtXYC0CucPtEpHupY3L1Y7Yw3O8rsz11NRIzLqCcdNTMB8avAIWeWv5t1wZq5WClMu62dDq4uhs/k=
xx0iy6/V2E8BehVFdrcmy/X2FaHIoaz+iXTBgqWNokNAhJyV/IhNZi6gkEUpJlutS+ZvNYnt8xU6dAU8CbDchds1Rf9pCxk4OADDextY3pYw2rAVRxz8n+7I+58AGExtXYC0CucPtEpHupY3L1Y7Yw3O8rsz11NRIzLqCcdNTMB8avAIWeeu5t1wZq5WClMu62dDq4uhs/k=
PXFC/dZDfCcvixj1By0zmPX2FaHIoaz+iXTBgqWNokNAhJyV/IhNZi6gkEUpJlutS+ZvNYnt8xU6dAU8CbDchds1Rf9pCxk4OADDextY3pYw2rAVRxz8n+7I+58AGExtXYC0CucPtEpHupY3L1Y7Yw3O8rsz11NRIzLqCcdNTMB8avAIWeGr5txwZq5WClMu62dDq4uhs/k=
PJwKk2+cLqZyY0TObdyCPvX2FaHIoaz+iXTBgqWNokNAhJyV/IhNZi6gkEUpJlutS+ZvNYnt8xU6dAU8CbDchds1Rf9pCxk4OADDextY3pYw2rAVRxz8n+7I+58AGExtXYC0CucPtEpHupY3L1Y7Yw3O8rsz11NRIzLqCcdNTMB8avAIWeav5txwZq5WClMu62dDq4uhs/k=
iZ1gXifXpK4fogGcDG4QwPX2FaHIoaz+iXTBgqWNokNAhJyV/IhNZi6gkEUpJlutS+ZvNYnt8xU6dAU8CbDchds1Rf9pCxk4OADDextY3pYw2rAVRxz8n+7I+58AGExtXYC0CucPtEpHupY3L1Y7Yw3O8rsz11NRIzLqCcdNTMB8avAIWeiv5txwZq5WClMu62dDq4uhs/k=
K3s9zv82HElYZLsaohAvQvX2FaHIoaz+iXTBgqWNokNAhJyV/IhNZi6gkEUpJlutS+ZvNYnt8xU6dAU8CbDchds1Rf9pCxk4OADDextY3pYw2rAVRxz8n+7I+58AGExtXYC0CucPtEpHupY3L1Y7Yw3O8rsz11NRIzLqCcdNTMB8avAIWeSo5txyZq5WClMu62dDq4uhs/k=
bwwOd80xA0j9RWH/ntLA310H8IOWM06p9VbD1eu8tHfG6qzItuhVxaVVeBQUW+pvUdGXS14T+uiCkLbp34b9hJm/gaORh8JIg/oUTNa9P9OFndrk1J2Qdbrf84XrCPjNxL8juE6rLh2EIGF+o685JlxqFoTj/wAZDeZM
