
## ---------------------- ##
## Running config.status. ##
## ---------------------- ##

This file was extended by ntp config.status 4.2.8p18, which was
generated by GNU Autoconf 2.72.  Invocation command line was

  CONFIG_FILES    = 
  CONFIG_HEADERS  = 
  CONFIG_LINKS    = 
  CONFIG_COMMANDS = 
  $ ../config.status --file=ntp.conf.5+:./ntp.conf.man.in

on Crevasse

config.status:1691: creating ntp.conf.5+

## ---------------------- ##
## Running config.status. ##
## ---------------------- ##

This file was extended by ntp config.status 4.2.8p18, which was
generated by GNU Autoconf 2.72.  Invocation command line was

  CONFIG_FILES    = 
  CONFIG_HEADERS  = 
  CONFIG_LINKS    = 
  CONFIG_COMMANDS = 
  $ ../config.status --file=ntp.keys.5+:./ntp.keys.man.in

on Crevasse

config.status:1691: creating ntp.keys.5+

## ---------------------- ##
## Running config.status. ##
## ---------------------- ##

This file was extended by ntp config.status 4.2.8p18, which was
generated by GNU Autoconf 2.72.  Invocation command line was

  CONFIG_FILES    = 
  CONFIG_HEADERS  = 
  CONFIG_LINKS    = 
  CONFIG_COMMANDS = 
  $ ../config.status --file=ntpd.1+:./ntpd.man.in

on Crevasse

config.status:1691: creating ntpd.1+
